2026-08-01T22:01:32.792Z INFO  server     starling starting component=all-in-one version=0.2.0 data_dir=starling-data
2026-08-01T22:01:32.792Z INFO  server     service started service=session-lifecycle
2026-08-01T22:01:32.792Z INFO  server     service started service=session-view
2026-08-01T22:01:32.792Z NOTE  server     services disabled by configuration services=directory
2026-08-01T22:01:32.792Z INFO  server     all services started services=21
2026-08-01T22:01:32.792Z INFO  server     service started service=screenshare
2026-08-01T22:01:32.793Z INFO  server     service started service=social
2026-08-01T22:01:32.793Z INFO  server     service started service=link-preview
2026-08-01T22:01:32.793Z INFO  server     service started service=health
2026-08-01T22:01:32.793Z INFO  server     service started service=context-actions
2026-08-01T22:01:32.793Z INFO  server     service started service=operator-api
2026-08-01T22:01:32.793Z INFO  server     service started service=gateway
2026-08-01T22:01:32.794Z INFO  server     service started service=voice
2026-08-01T22:01:32.797Z INFO  server     service started service=pchat
2026-08-01T22:01:32.799Z INFO  server     service started service=moderation
2026-08-01T22:01:32.799Z INFO  server     service started service=push
2026-08-01T22:01:32.799Z INFO  server     service started service=userdata
2026-08-01T22:01:32.799Z INFO  server     service started service=audit
2026-08-01T22:01:32.800Z INFO  server     service started service=text
2026-08-01T22:01:32.801Z INFO  server     service started service=permissions
2026-08-01T22:01:32.801Z INFO  server     service started service=plugins
2026-08-01T22:01:32.801Z INFO  server     service started service=onboarding
2026-08-01T22:01:32.801Z INFO  server     service started service=server-config
2026-08-01T22:01:32.801Z INFO  server     service started service=metadata
2026-08-01T22:01:32.804Z INFO  server     gateway listening address=0.0.0.0:64738 routes=45 gateway=gw-23088
2026-08-01T22:01:32.805Z INFO  server     service started service=files
2026-08-01T22:27:48.012Z NOTE  security   tls handshake failed peer=127.0.0.1:62024 error=tls handshake eof
2026-08-01T22:27:48.919Z INFO  session    client connected conn=1 peer=127.0.0.1:62026 connections=1 certificate=ad7888c2d6680ef35a35b3700d2a12413df5977d strong_cert=false
2026-08-01T22:27:48.950Z WARN  session    login refused conn=1 name=SuperUser reason=wrong password reject=WrongUserPw
2026-08-01T22:27:48.950Z INFO  session    client disconnected conn=1 session=0 reason=disconnected by the server connections=0
2026-08-01T22:27:59.189Z INFO  session    client connected conn=2 peer=127.0.0.1:51097 connections=1 certificate=ad7888c2d6680ef35a35b3700d2a12413df5977d strong_cert=false
2026-08-01T22:27:59.221Z INFO  session    user authenticated conn=2 session=1 name=SuperUser account=0 registered=true address=127.0.0.1:51097 fancy=false
2026-08-01T22:27:59.222Z INFO  channel    user entered a channel session=1 channel=0 previous=0 scope=1
2026-08-01T22:28:02.688Z INFO  message    text message session=1 channel=0 recipients=0 length=4
2026-08-01T22:29:16.939Z INFO  session    client disconnected conn=2 session=1 reason=connection reset connections=0
2026-08-01T22:29:16.939Z INFO  session    user left conn=2 session=1 name=SuperUser reason=connection reset
2026-08-01T22:29:19.449Z INFO  session    client connected conn=3 peer=127.0.0.1:55874 connections=1 certificate=ad7888c2d6680ef35a35b3700d2a12413df5977d strong_cert=false
2026-08-01T22:29:19.482Z INFO  session    user authenticated conn=3 session=2 name=SuperUser account=0 registered=true address=127.0.0.1:55874 fancy=false
2026-08-01T22:29:19.482Z INFO  channel    user entered a channel session=2 channel=0 previous=0 scope=1
